Windows PowerShell
Copyright (C) Microsoft Corporation. All rights reserved.

Install the latest PowerShell for new features and improvements! https://aka.ms/PSWindows

PS C:\Users\ankit> docker login
Authenticating with existing credentials...
Login Succeeded

Logging in with your password grants your terminal complete access to your account.
For better security, log in with a limited-privilege personal access token. Learn more at https://docs.docker.com/go/access-tokens/
PS C:\Users\ankit> docker images
REPOSITORY                      TAG       IMAGE ID       CREATED              SIZE
dailycodebuffer/alpineimport    0.0.3     4acb77fc5b19   About a minute ago   5.57MB
dailycodebuffer/alpinetree      latest    c0f584371709   About an hour ago    5.57MB
docker/getting-started          latest    cb90f98fd791   5 weeks ago          28.8MB
alpine                          latest    0ac33e5f5afa   6 weeks ago          5.57MB
hello-world                     latest    feb5d9fea6a5   7 months ago         13.3kB
dailycodebuffer/dockerpublish   0.0.3     d45040fec2f8   22 months ago        644MB
PS C:\Users\ankit> docker push dailycodebuffer/alpinetree
Using default tag: latest
The push refers to repository [docker.io/dailycodebuffer/alpinetree]
4fc242d58285: Preparing
denied: requested access to the resource is denied
PS C:\Users\ankit> docker login -u ankit23022 -p @i1AnkitGupta
flag needs an argument: 'p' in -p
PS C:\Users\ankit> docker login -u=ankit23022 -p=@i1AnkitGupta
WARNING! Using --password via the CLI is insecure. Use --password-stdin.
Login Succeeded

Logging in with your password grants your terminal complete access to your account.
For better security, log in with a limited-privilege personal access token. Learn more at https://docs.docker.com/go/access-tokens/
PS C:\Users\ankit> docker push dailycodebuffer/alpinetree
Using default tag: latest
The push refers to repository [docker.io/dailycodebuffer/alpinetree]
4fc242d58285: Preparing
denied: requested access to the resource is denied
PS C:\Users\ankit> docker login -u=ankit23022 -e=ankitgupta23022@gmmail.com
unknown shorthand flag: 'e' in -e=ankitgupta23022@gmmail
PS C:\Users\ankit> docker login -u=ankit23022 -e=ankitgupta23022@gmail.com
unknown shorthand flag: 'e' in -e=ankitgupta23022@gmail
PS C:\Users\ankit> docker login -u=ankit23022
Password:
Login Succeeded

Logging in with your password grants your terminal complete access to your account.
For better security, log in with a limited-privilege personal access token. Learn more at https://docs.docker.com/go/access-tokens/
PS C:\Users\ankit> docker push dailycodebuffer/alpinetree
Using default tag: latest
The push refers to repository [docker.io/dailycodebuffer/alpinetree]
4fc242d58285: Preparing
denied: requested access to the resource is denied
PS C:\Users\ankit> docker images
REPOSITORY                      TAG       IMAGE ID       CREATED             SIZE
dailycodebuffer/alpineimport    0.0.3     4acb77fc5b19   4 minutes ago       5.57MB
dailycodebuffer/alpinetree      latest    c0f584371709   About an hour ago   5.57MB
docker/getting-started          latest    cb90f98fd791   5 weeks ago         28.8MB
alpine                          latest    0ac33e5f5afa   6 weeks ago         5.57MB
hello-world                     latest    feb5d9fea6a5   7 months ago        13.3kB
dailycodebuffer/dockerpublish   0.0.3     d45040fec2f8   22 months ago       644MB
PS C:\Users\ankit> docker push dailycodebuffer/alpinetree:latest
The push refers to repository [docker.io/dailycodebuffer/alpinetree]
4fc242d58285: Preparing
denied: requested access to the resource is denied
PS C:\Users\ankit> docker push dailycodebuffer/alpineimport
Using default tag: latest
The push refers to repository [docker.io/dailycodebuffer/alpineimport]
tag does not exist: dailycodebuffer/alpineimport:latest
PS C:\Users\ankit> docker push dailycodebuffer/alpineimport:0.0.3
The push refers to repository [docker.io/dailycodebuffer/alpineimport]
449beffa027e: Preparing
denied: requested access to the resource is denied
PS C:\Users\ankit> docker logout
Removing login credentials for https://index.docker.io/v1/
PS C:\Users\ankit> docker login -u=ankit23022
Password:
Login Succeeded

Logging in with your password grants your terminal complete access to your account.
For better security, log in with a limited-privilege personal access token. Learn more at https://docs.docker.com/go/access-tokens/
PS C:\Users\ankit> docker push dailycodebuffer/alpinetree
Using default tag: latest
The push refers to repository [docker.io/dailycodebuffer/alpinetree]
4fc242d58285: Preparing
denied: requested access to the resource is denied
PS C:\Users\ankit> docker push dailycodebuffer/alpineimport:0.0.3
The push refers to repository [docker.io/dailycodebuffer/alpineimport]
449beffa027e: Preparing
denied: requested access to the resource is denied
PS C:\Users\ankit> docker push ankit23022/docker:tagname
The push refers to repository [docker.io/ankit23022/docker]
An image does not exist locally with the tag: ankit23022/docker
PS C:\Users\ankit> docker push ankit2322/alpinetree
Using default tag: latest
The push refers to repository [docker.io/ankit2322/alpinetree]
An image does not exist locally with the tag: ankit2322/alpinetree
PS C:\Users\ankit> docker push ankit23022/alpinetree
Using default tag: latest
The push refers to repository [docker.io/ankit23022/alpinetree]
An image does not exist locally with the tag: ankit23022/alpinetree
PS C:\Users\ankit> docker images
REPOSITORY                      TAG       IMAGE ID       CREATED             SIZE
dailycodebuffer/alpineimport    0.0.3     4acb77fc5b19   12 minutes ago      5.57MB
dailycodebuffer/alpinetree      latest    c0f584371709   About an hour ago   5.57MB
docker/getting-started          latest    cb90f98fd791   5 weeks ago         28.8MB
alpine                          latest    0ac33e5f5afa   6 weeks ago         5.57MB
hello-world                     latest    feb5d9fea6a5   7 months ago        13.3kB
dailycodebuffer/dockerpublish   0.0.3     d45040fec2f8   22 months ago       644MB
PS C:\Users\ankit> docker push ankit23022/docker dailycodebuffer/alpinetree
"docker push" requires exactly 1 argument.
See 'docker push --help'.

Usage:  docker push [OPTIONS] NAME[:TAG]

Push an image or a repository to a registry
PS C:\Users\ankit> docker push ankit23022 dailycodebuffer/alpinetree
"docker push" requires exactly 1 argument.
See 'docker push --help'.

Usage:  docker push [OPTIONS] NAME[:TAG]

Push an image or a repository to a registry
PS C:\Users\ankit> docker push ankit23022/alpinetree
Using default tag: latest
The push refers to repository [docker.io/ankit23022/alpinetree]
An image does not exist locally with the tag: ankit23022/alpinetree
PS C:\Users\ankit> docker images
REPOSITORY                      TAG       IMAGE ID       CREATED             SIZE
dailycodebuffer/alpineimport    0.0.3     4acb77fc5b19   13 minutes ago      5.57MB
dailycodebuffer/alpinetree      latest    c0f584371709   About an hour ago   5.57MB
docker/getting-started          latest    cb90f98fd791   5 weeks ago         28.8MB
alpine                          latest    0ac33e5f5afa   6 weeks ago         5.57MB
hello-world                     latest    feb5d9fea6a5   7 months ago        13.3kB
dailycodebuffer/dockerpublish   0.0.3     d45040fec2f8   22 months ago       644MB
PS C:\Users\ankit> docker push ankit23022/alpine
Using default tag: latest
The push refers to repository [docker.io/ankit23022/alpine]
An image does not exist locally with the tag: ankit23022/alpine
PS C:\Users\ankit> docker tag dailycodebuffer/alpinetree:latest ankit23022/ankit23022
PS C:\Users\ankit> /
/ : The term '/' is not recognized as the name of a cmdlet, function, script file, or operable program. Check the spelling of the name, or if a path was
included, verify that the path is correct and try again.
At line:1 char:1
+ /
+ ~
    + CategoryInfo          : ObjectNotFound: (/:String) [], CommandNotFoundException
    + FullyQualifiedErrorId : CommandNotFoundException

PS C:\Users\ankit> docker

Usage:  docker [OPTIONS] COMMAND

A self-sufficient runtime for containers

Options:
      --config string      Location of client config files (default
                           "C:\\Users\\ankit\\.docker")
  -c, --context string     Name of the context to use to connect to the
                           daemon (overrides DOCKER_HOST env var and
                           default context set with "docker context use")
  -D, --debug              Enable debug mode
  -H, --host list          Daemon socket(s) to connect to
  -l, --log-level string   Set the logging level
                           ("debug"|"info"|"warn"|"error"|"fatal")
                           (default "info")
      --tls                Use TLS; implied by --tlsverify
      --tlscacert string   Trust certs signed only by this CA (default
                           "C:\\Users\\ankit\\.docker\\ca.pem")
      --tlscert string     Path to TLS certificate file (default
                           "C:\\Users\\ankit\\.docker\\cert.pem")
      --tlskey string      Path to TLS key file (default
                           "C:\\Users\\ankit\\.docker\\key.pem")
      --tlsverify          Use TLS and verify the remote
  -v, --version            Print version information and quit

Management Commands:
  builder     Manage builds
  buildx*     Docker Buildx (Docker Inc., v0.7.1)
  compose*    Docker Compose (Docker Inc., v2.2.1)
  config      Manage Docker configs
  container   Manage containers
  context     Manage contexts
  image       Manage images
  manifest    Manage Docker image manifests and manifest lists
  network     Manage networks
  node        Manage Swarm nodes
  plugin      Manage plugins
  scan*       Docker Scan (Docker Inc., v0.14.0)
  secret      Manage Docker secrets
  service     Manage services
  stack       Manage Docker stacks
  swarm       Manage Swarm
  system      Manage Docker
  trust       Manage trust on Docker images
  volume      Manage volumes

Commands:
  attach      Attach local standard input, output, and error streams to a running container
  build       Build an image from a Dockerfile
  commit      Create a new image from a container's changes
  cp          Copy files/folders between a container and the local filesystem
  create      Create a new container
  diff        Inspect changes to files or directories on a container's filesystem
  events      Get real time events from the server
  exec        Run a command in a running container
  export      Export a container's filesystem as a tar archive
  history     Show the history of an image
  images      List images
  import      Import the contents from a tarball to create a filesystem image
  info        Display system-wide information
  inspect     Return low-level information on Docker objects
  kill        Kill one or more running containers
  load        Load an image from a tar archive or STDIN
  login       Log in to a Docker registry
  logout      Log out from a Docker registry
  logs        Fetch the logs of a container
  pause       Pause all processes within one or more containers
  port        List port mappings or a specific mapping for the container
  ps          List containers
  pull        Pull an image or a repository from a registry
  push        Push an image or a repository to a registry
  rename      Rename a container
  restart     Restart one or more containers
  rm          Remove one or more containers
  rmi         Remove one or more images
  run         Run a command in a new container
  save        Save one or more images to a tar archive (streamed to STDOUT by default)
  search      Search the Docker Hub for images
  start       Start one or more stopped containers
  stats       Display a live stream of container(s) resource usage statistics
  stop        Stop one or more running containers
  tag         Create a tag TARGET_IMAGE that refers to SOURCE_IMAGE
  top         Display the running processes of a container
  unpause     Unpause all processes within one or more containers
  update      Update configuration of one or more containers
  version     Show the Docker version information
  wait        Block until one or more containers stop, then print their exit codes

Run 'docker COMMAND --help' for more information on a command.

To get more help with docker, check out our guides at https://docs.docker.com/go/guides/
PS C:\Users\ankit> docker images
REPOSITORY                      TAG       IMAGE ID       CREATED             SIZE
dailycodebuffer/alpineimport    0.0.3     4acb77fc5b19   15 minutes ago      5.57MB
ankit23022/ankit23022           latest    c0f584371709   About an hour ago   5.57MB
dailycodebuffer/alpinetree      latest    c0f584371709   About an hour ago   5.57MB
docker/getting-started          latest    cb90f98fd791   5 weeks ago         28.8MB
alpine                          latest    0ac33e5f5afa   6 weeks ago         5.57MB
hello-world                     latest    feb5d9fea6a5   7 months ago        13.3kB
dailycodebuffer/dockerpublish   0.0.3     d45040fec2f8   22 months ago       644MB
PS C:\Users\ankit> docker tag dailycodebuffer/alpinetree:latest ankit23022/docker:0.0.1
PS C:\Users\ankit>