PS C:\Users\ankit> docker --version
Docker version 20.10.11, build dea9396
PS C:\Users\ankit> docker --help

Usage:  docker [OPTIONS] COMMAND

A self-sufficient runtime for containers

Options:
      --config string      Location of client config files (default
                           "C:\\Users\\ankit\\.docker")
  -c, --context string     Name of the context to use to connect to the
                           daemon (overrides DOCKER_HOST env var and
                           default context set with "docker context use")
  -D, --debug              Enable debug mode
  -H, --host list          Daemon socket(s) to connect to
  -l, --log-level string   Set the logging level
                           ("debug"|"info"|"warn"|"error"|"fatal")
                           (default "info")
      --tls                Use TLS; implied by --tlsverify
      --tlscacert string   Trust certs signed only by this CA (default
                           "C:\\Users\\ankit\\.docker\\ca.pem")
      --tlscert string     Path to TLS certificate file (default
                           "C:\\Users\\ankit\\.docker\\cert.pem")
      --tlskey string      Path to TLS key file (default
                           "C:\\Users\\ankit\\.docker\\key.pem")
      --tlsverify          Use TLS and verify the remote
  -v, --version            Print version information and quit

Management Commands:
  builder     Manage builds
  buildx*     Docker Buildx (Docker Inc., v0.7.1)
  compose*    Docker Compose (Docker Inc., v2.2.1)
  config      Manage Docker configs
  container   Manage containers
  context     Manage contexts
  image       Manage images
  manifest    Manage Docker image manifests and manifest lists
  network     Manage networks
  node        Manage Swarm nodes
  plugin      Manage plugins
  scan*       Docker Scan (Docker Inc., v0.14.0)
  secret      Manage Docker secrets
  service     Manage services
  stack       Manage Docker stacks
  swarm       Manage Swarm
  system      Manage Docker
  trust       Manage trust on Docker images
  volume      Manage volumes

Commands:
  attach      Attach local standard input, output, and error streams to a running container
  build       Build an image from a Dockerfile
  commit      Create a new image from a container's changes
  cp          Copy files/folders between a container and the local filesystem
  create      Create a new container
  diff        Inspect changes to files or directories on a container's filesystem
  events      Get real time events from the server
  exec        Run a command in a running container
  export      Export a container's filesystem as a tar archive
  history     Show the history of an image
  images      List images
  import      Import the contents from a tarball to create a filesystem image
  info        Display system-wide information
  inspect     Return low-level information on Docker objects
  kill        Kill one or more running containers
  load        Load an image from a tar archive or STDIN
  login       Log in to a Docker registry
  logout      Log out from a Docker registry
  logs        Fetch the logs of a container
  pause       Pause all processes within one or more containers
  port        List port mappings or a specific mapping for the container
  ps          List containers
  pull        Pull an image or a repository from a registry
  push        Push an image or a repository to a registry
  rename      Rename a container
  restart     Restart one or more containers
  rm          Remove one or more containers
  rmi         Remove one or more images
  run         Run a command in a new container
  save        Save one or more images to a tar archive (streamed to STDOUT by default)
  search      Search the Docker Hub for images
  start       Start one or more stopped containers
  stats       Display a live stream of container(s) resource usage statistics
  stop        Stop one or more running containers
  tag         Create a tag TARGET_IMAGE that refers to SOURCE_IMAGE
  top         Display the running processes of a container
  unpause     Unpause all processes within one or more containers
  update      Update configuration of one or more containers
  version     Show the Docker version information
  wait        Block until one or more containers stop, then print their exit codes

Run 'docker COMMAND --help' for more information on a command.

To get more help with docker, check out our guides at https://docs.docker.com/go/guides/
PS C:\Users\ankit> docker images --help

Usage:  docker images [OPTIONS] [REPOSITORY[:TAG]]

List images

Options:
  -a, --all             Show all images (default hides intermediate images)
      --digests         Show digests
  -f, --filter filter   Filter output based on conditions provided
      --format string   Pretty-print images using a Go template
      --no-trunc        Don't truncate output
  -q, --quiet           Only show image IDs
PS C:\Users\ankit> docker pull alpine
Using default tag: latest
latest: Pulling from library/alpine
df9b9388f04a: Already exists
Digest: sha256:4edbd2beb5f78b1014028f4fbb99f3237d9561100b6881aabbf5acce2c4f9454
Status: Downloaded newer image for alpine:latest
docker.io/library/alpine:latest
PS C:\Users\ankit> docker images
REPOSITORY               TAG       IMAGE ID       CREATED        SIZE
docker/getting-started   latest    cb90f98fd791   5 weeks ago    28.8MB
alpine                   latest    0ac33e5f5afa   6 weeks ago    5.57MB
hello-world              latest    feb5d9fea6a5   7 months ago   13.3kB
PS C:\Users\ankit> docker pull dailycodebuffer/dockerpublish:0.0.3
0.0.3: Pulling from dailycodebuffer/dockerpublish
e9afc4f90ab0: Pull complete
989e6b19a265: Pull complete
af14b6c2f878: Pull complete
5573c4b30949: Pull complete
fb1a405f128d: Pull complete
612a9f566fdc: Pull complete
cf63ebed1142: Pull complete
1447fa8fbc4d: Pull complete
Digest: sha256:ec67b1325defd51d1b9723f93fee09432741c3fa898a953ad9e94e2b2c86ff36
Status: Downloaded newer image for dailycodebuffer/dockerpublish:0.0.3
docker.io/dailycodebuffer/dockerpublish:0.0.3
PS C:\Users\ankit> docker images
REPOSITORY                      TAG       IMAGE ID       CREATED         SIZE
docker/getting-started          latest    cb90f98fd791   5 weeks ago     28.8MB
alpine                          latest    0ac33e5f5afa   6 weeks ago     5.57MB
hello-world                     latest    feb5d9fea6a5   7 months ago    13.3kB
dailycodebuffer/dockerpublish   0.0.3     d45040fec2f8   22 months ago   644MB
PS C:\Users\ankit> docker run -p 9091:9091 d45040fec2f8

  .   ____          _            __ _ _
 /\\ / ___'_ __ _ _(_)_ __  __ _ \ \ \ \
( ( )\___ | '_ | '_| | '_ \/ _` | \ \ \ \
 \\/  ___)| |_)| | | | | || (_| |  ) ) ) )
  '  |____| .__|_| |_|_| |_\__, | / / / /
 =========|_|==============|___/=/_/_/_/
 :: Spring Boot ::        (v2.3.1.RELEASE)

2022-05-21 10:52:35.442  INFO 1 --- [           main] c.d.d.DockerpublishApplication           : Starting DockerpublishApplication v0.0.3 on 9726088ebfdd with PID 1 (/app.jar started by root in /)
2022-05-21 10:52:35.445  INFO 1 --- [           main] c.d.d.DockerpublishApplication           : No active profile set, falling back to default profiles: default
2022-05-21 10:52:36.685  INFO 1 --- [           main] o.s.b.w.embedded.tomcat.TomcatWebServer  : Tomcat initialized with port(s): 9091 (http)
2022-05-21 10:52:36.701  INFO 1 --- [           main] o.apache.catalina.core.StandardService   : Starting service [Tomcat]
2022-05-21 10:52:36.702  INFO 1 --- [           main] org.apache.catalina.core.StandardEngine  : Starting Servlet engine: [Apache Tomcat/9.0.36]
2022-05-21 10:52:36.780  INFO 1 --- [           main] o.a.c.c.C.[Tomcat].[localhost].[/]       : Initializing Spring embedded WebApplicationContext
2022-05-21 10:52:36.780  INFO 1 --- [           main] w.s.c.ServletWebServerApplicationContext : Root WebApplicationContext: initialization completed in 1269 ms
2022-05-21 10:52:36.973  INFO 1 --- [           main] o.s.s.concurrent.ThreadPoolTaskExecutor  : Initializing ExecutorService 'applicationTaskExecutor'
2022-05-21 10:52:37.175  INFO 1 --- [           main] o.s.b.w.embedded.tomcat.TomcatWebServer  : Tomcat started on port(s): 9091 (http) with context path ''
2022-05-21 10:52:37.192  INFO 1 --- [           main] c.d.d.DockerpublishApplication           : Started DockerpublishApplication in 2.464 seconds (JVM running for 3.101)
2022-05-21 10:52:59.487  INFO 1 --- [nio-9091-exec-1] o.a.c.c.C.[Tomcat].[localhost].[/]       : Initializing Spring DispatcherServlet 'dispatcherServlet'
2022-05-21 10:52:59.488  INFO 1 --- [nio-9091-exec-1] o.s.web.servlet.DispatcherServlet        : Initializing Servlet 'dispatcherServlet'
2022-05-21 10:52:59.497  INFO 1 --- [nio-9091-exec-1] o.s.web.servlet.DispatcherServlet        : Completed initialization in 9 ms